
> vite_react_shadcn_ts@0.0.0 build
> vite build

[36mvite v5.4.19 [32mbuilding for production...[36m[39m
transforming...
npm : Browserslist: browsers data 
(caniuse-lite) is 7 months old. Please run:
At line:1 char:1
+ npm run build > build_output.txt 2>&1; cat 
build_output.txt
+ ~~~~~~~~~~~~~~~~~~~~~~~~~~~~~~~~~~~~~
    + CategoryInfo          : NotSpecified: (Br 
   owserslist: b...ld. Please run::String) [],  
   RemoteException
    + FullyQualifiedErrorId : NativeCommandErro 
   r
 
  npx update-browserslist-db@latest
  Why you should do it regularly: 
https://github.com/browserslist/update-db#readme
[32mΓ£ô[39m 52 modules transformed.
[31mx[39m Build failed in 2.47s
[31merror during build:
[31m[vite:esbuild] Transform failed with 5 
errors:
F:/Freelance/2026/glacisunited-stats/src/pages/A
dminMatchEvents.tsx:238:8: ERROR: The symbol 
"dbSquad" has already been declared
F:/Freelance/2026/glacisunited-stats/src/pages/A
dminMatchEvents.tsx:238:8: ERROR: The symbol 
"squadLoading" has already been declared
F:/Freelance/2026/glacisunited-stats/src/pages/A
dminMatchEvents.tsx:357:8: ERROR: The symbol 
"saveEventMutation" has already been declared
F:/Freelance/2026/glacisunited-stats/src/pages/A
dminMatchEvents.tsx:391:8: ERROR: The symbol 
"deleteEventMutation" has already been declared
F:/Freelance/2026/glacisunited-stats/src/pages/A
dminMatchEvents.tsx:406:8: ERROR: The symbol 
"completeMatchMutation" has already been 
declared[31m
file: [36mF:/Freelance/2026/glacisunited-stats/
src/pages/AdminMatchEvents.tsx:238:8[31m
[33m
[33mThe symbol "dbSquad" has already been 
declared[33m
236|  
237|    // Fetch squad from database
238|    const { data: dbSquad, isLoading: 
squadLoading } = useQuery({
   |          ^
239|      queryKey: ['match-squad', matchId],
240|      queryFn: async () => {

[33mThe symbol "squadLoading" has already been 
declared[33m
236|  
237|    // Fetch squad from database
238|    const { data: dbSquad, isLoading: 
squadLoading } = useQuery({
   |          ^
239|      queryKey: ['match-squad', matchId],
240|      queryFn: async () => {

[33mThe symbol "saveEventMutation" has already 
been declared[33m
355|  
356|    // Save event mutation
357|    const saveEventMutation = useMutation({
   |          ^
358|      mutationFn: async (event: {
359|        match_id: string;

[33mThe symbol "deleteEventMutation" has 
already been declared[33m
389|  
390|    // Delete event mutation
391|    const deleteEventMutation = 
useMutation({
   |          ^
392|      mutationFn: async (eventId: string) 
=> {
393|        const { error } = await supabase

[33mThe symbol "completeMatchMutation" has 
already been declared[33m
404|  
405|    // Complete match mutation
406|    const completeMatchMutation = 
useMutation({
   |          ^
407|      mutationFn: async () => {
408|        const { error } = await supabase
[31m
    at failureErrorWithLog (F:\Freelance\2026\gl
acisunited-stats\node_modules\esbuild\lib\main.j
s:1472:15)
    at F:\Freelance\2026\glacisunited-stats\node
_modules\esbuild\lib\main.js:755:50
    at responseCallbacks.<computed> (F:\Freelanc
e\2026\glacisunited-stats\node_modules\esbuild\l
ib\main.js:622:9)
    at handleIncomingPacket (F:\Freelance\2026\g
lacisunited-stats\node_modules\esbuild\lib\main.
js:677:12)
    at Socket.readFromStdout (F:\Freelance\2026\
glacisunited-stats\node_modules\esbuild\lib\main
.js:600:7)
    at Socket.emit (node:events:514:28)
    at addChunk 
(node:internal/streams/readable:376:12)
    at readableAddChunk 
(node:internal/streams/readable:349:9)
    at Readable.push 
(node:internal/streams/readable:286:10)
    at Pipe.onStreamRead 
(node:internal/stream_base_commons:190:23)[39m
